// Jest Snapshot v1, https://goo.gl/fbAQLP

exports[`<ChatRoom /> should be rendered without errors 1`] = `
<WithStyles(ForwardRef(Grid))
  container={true}
  spacing={1}
>
  <WithStyles(ForwardRef(Grid))
    item={true}
    md={2}
    sm={4}
    xs={12}
  >
    <Connect(ChatUsers) />
  </WithStyles(ForwardRef(Grid))>
  <WithStyles(ForwardRef(Grid))
    item={true}
    md={10}
    sm={7}
    xs={12}
  >
    <Connect(ChatMessages) />
  </WithStyles(ForwardRef(Grid))>
</WithStyles(ForwardRef(Grid))>
`;
