// Jest Snapshot v1, https://goo.gl/fbAQLP

exports[`<Loader /> should be rendered without errors 1`] = `
<Fragment>
  <ForwardRef(Modal)
    className="makeStyles-modal-1"
    closeAfterTransition={true}
    open={true}
  >
    <ForwardRef(Fade)
      in={true}
    >
      <div
        className="makeStyles-loader-2"
      >
        <WithStyles(ForwardRef(CircularProgress)) />
        <WithStyles(ForwardRef(Typography))>
          Processing ...
        </WithStyles(ForwardRef(Typography))>
      </div>
    </ForwardRef(Fade)>
  </ForwardRef(Modal)>
</Fragment>
`;
