// Jest Snapshot v1, https://goo.gl/fbAQLP

exports[`NOTIFICATION DETAILS COMPONENT Should capture the snapshot 1`] = `
<Fragment>
  <WithStyles(ForwardRef(Typography))>
    Loading
  </WithStyles(ForwardRef(Typography))>
</Fragment>
`;

exports[`NOTIFICATION DETAILS COMPONENT Should render the notification details 1`] = `
<Fragment>
  <WithStyles(ForwardRef(Typography))>
    Loading
  </WithStyles(ForwardRef(Typography))>
</Fragment>
`;
