// Jest Snapshot v1, https://goo.gl/fbAQLP

exports[` <TravelRequestcard /> It should render the ReportsView compnent 1`] = `
<Provider
  store={
    Object {
      "clearActions": [Function],
      "dispatch": [Function],
      "getActions": [Function],
      "getState": [Function],
      "replaceReducer": [Function],
      "subscribe": [Function],
    }
  }
>
  <TravelRequestCard
    accomodationsInfo={
      Array [
        Object {
          "city": "Kigali",
          "country": "Rwanda",
          "description": "A serene environment for relaxation",
          "id": "598d90a3-68e6-43ac-970a-2855657be478",
          "locationID": "c6028e0d-ef88-4693-ab49-f37669891724",
          "numberOfRooms": 100,
          "photos": "image2.png",
          "propertyType": "Hostel",
          "state": "Kicukiro",
          "streetAddress": "KN 45 ST",
          "title": "Marina Hotel",
          "typeOfBed": "Double Decker",
        },
      ]
    }
    category="approved"
    handleSingleTravel={[MockFunction]}
    travel={
      Object {
        "Trip": Array [
          Object {
            "accommodationId": "598d90a3-68e6-43ac-970a-2855657be478",
            "createdAt": "2021-03-02T11:18:36.600Z",
            "destination": "KARONGI",
            "originCity": "MUSANZE",
            "reason": "Research and market development trip in rular areas",
            "returnDate": null,
            "travelId": "59ba77ce-3649-4b8a-bed6-b127cc1c530f",
            "tripDate": "2020-12-20T08:53:31.303Z",
            "tripId": "98624254-da4c-47bd-91da-53d9d89172cc",
            "updatedAt": "2021-03-02T11:18:36.600Z",
          },
        ],
        "createdAt": "2021-03-02T11:18:36.501Z",
        "managerId": "0ce36391-2c08-4703-bddb-a4ea8cccbbc5",
        "status": "approved",
        "travelId": "59ba77ce-3649-4b8a-bed6-b127cc1c530f",
        "updatedAt": "2021-03-02T11:21:00.554Z",
        "userId": "d74fcc5e-5755-4366-83ef-cf306b013c46",
      }
    }
    userInfo={
      Object {
        "firstName": "pushRequester",
        "lastName": "One",
        "profilePpicture": "https://www.cobdoglaps.sa.edu.au/wp-content/uploads/2017/11/placeholder-profile-sq.jpg",
        "username": "pushrequester",
      }
    }
  >
    <WithStyles(ForwardRef(Grid))
      className="makeStyles-container-1"
      container={true}
    >
      <ForwardRef(Grid)
        className="makeStyles-container-1"
        classes={
          Object {
            "align-content-xs-center": "MuiGrid-align-content-xs-center",
            "align-content-xs-flex-end": "MuiGrid-align-content-xs-flex-end",
            "align-content-xs-flex-start": "MuiGrid-align-content-xs-flex-start",
            "align-content-xs-space-around": "MuiGrid-align-content-xs-space-around",
            "align-content-xs-space-between": "MuiGrid-align-content-xs-space-between",
            "align-items-xs-baseline": "MuiGrid-align-items-xs-baseline",
            "align-items-xs-center": "MuiGrid-align-items-xs-center",
            "align-items-xs-flex-end": "MuiGrid-align-items-xs-flex-end",
            "align-items-xs-flex-start": "MuiGrid-align-items-xs-flex-start",
            "container": "MuiGrid-container",
            "direction-xs-column": "MuiGrid-direction-xs-column",
            "direction-xs-column-reverse": "MuiGrid-direction-xs-column-reverse",
            "direction-xs-row-reverse": "MuiGrid-direction-xs-row-reverse",
            "grid-lg-1": "MuiGrid-grid-lg-1",
            "grid-lg-10": "MuiGrid-grid-lg-10",
            "grid-lg-11": "MuiGrid-grid-lg-11",
            "grid-lg-12": "MuiGrid-grid-lg-12",
            "grid-lg-2": "MuiGrid-grid-lg-2",
            "grid-lg-3": "MuiGrid-grid-lg-3",
            "grid-lg-4": "MuiGrid-grid-lg-4",
            "grid-lg-5": "MuiGrid-grid-lg-5",
            "grid-lg-6": "MuiGrid-grid-lg-6",
            "grid-lg-7": "MuiGrid-grid-lg-7",
            "grid-lg-8": "MuiGrid-grid-lg-8",
            "grid-lg-9": "MuiGrid-grid-lg-9",
            "grid-lg-auto": "MuiGrid-grid-lg-auto",
            "grid-lg-true": "MuiGrid-grid-lg-true",
            "grid-md-1": "MuiGrid-grid-md-1",
            "grid-md-10": "MuiGrid-grid-md-10",
            "grid-md-11": "MuiGrid-grid-md-11",
            "grid-md-12": "MuiGrid-grid-md-12",
            "grid-md-2": "MuiGrid-grid-md-2",
            "grid-md-3": "MuiGrid-grid-md-3",
            "grid-md-4": "MuiGrid-grid-md-4",
            "grid-md-5": "MuiGrid-grid-md-5",
            "grid-md-6": "MuiGrid-grid-md-6",
            "grid-md-7": "MuiGrid-grid-md-7",
            "grid-md-8": "MuiGrid-grid-md-8",
            "grid-md-9": "MuiGrid-grid-md-9",
            "grid-md-auto": "MuiGrid-grid-md-auto",
            "grid-md-true": "MuiGrid-grid-md-true",
            "grid-sm-1": "MuiGrid-grid-sm-1",
            "grid-sm-10": "MuiGrid-grid-sm-10",
            "grid-sm-11": "MuiGrid-grid-sm-11",
            "grid-sm-12": "MuiGrid-grid-sm-12",
            "grid-sm-2": "MuiGrid-grid-sm-2",
            "grid-sm-3": "MuiGrid-grid-sm-3",
            "grid-sm-4": "MuiGrid-grid-sm-4",
            "grid-sm-5": "MuiGrid-grid-sm-5",
            "grid-sm-6": "MuiGrid-grid-sm-6",
            "grid-sm-7": "MuiGrid-grid-sm-7",
            "grid-sm-8": "MuiGrid-grid-sm-8",
            "grid-sm-9": "MuiGrid-grid-sm-9",
            "grid-sm-auto": "MuiGrid-grid-sm-auto",
            "grid-sm-true": "MuiGrid-grid-sm-true",
            "grid-xl-1": "MuiGrid-grid-xl-1",
            "grid-xl-10": "MuiGrid-grid-xl-10",
            "grid-xl-11": "MuiGrid-grid-xl-11",
            "grid-xl-12": "MuiGrid-grid-xl-12",
            "grid-xl-2": "MuiGrid-grid-xl-2",
            "grid-xl-3": "MuiGrid-grid-xl-3",
            "grid-xl-4": "MuiGrid-grid-xl-4",
            "grid-xl-5": "MuiGrid-grid-xl-5",
            "grid-xl-6": "MuiGrid-grid-xl-6",
            "grid-xl-7": "MuiGrid-grid-xl-7",
            "grid-xl-8": "MuiGrid-grid-xl-8",
            "grid-xl-9": "MuiGrid-grid-xl-9",
            "grid-xl-auto": "MuiGrid-grid-xl-auto",
            "grid-xl-true": "MuiGrid-grid-xl-true",
            "grid-xs-1": "MuiGrid-grid-xs-1",
            "grid-xs-10": "MuiGrid-grid-xs-10",
            "grid-xs-11": "MuiGrid-grid-xs-11",
            "grid-xs-12": "MuiGrid-grid-xs-12",
            "grid-xs-2": "MuiGrid-grid-xs-2",
            "grid-xs-3": "MuiGrid-grid-xs-3",
            "grid-xs-4": "MuiGrid-grid-xs-4",
            "grid-xs-5": "MuiGrid-grid-xs-5",
            "grid-xs-6": "MuiGrid-grid-xs-6",
            "grid-xs-7": "MuiGrid-grid-xs-7",
            "grid-xs-8": "MuiGrid-grid-xs-8",
            "grid-xs-9": "MuiGrid-grid-xs-9",
            "grid-xs-auto": "MuiGrid-grid-xs-auto",
            "grid-xs-true": "MuiGrid-grid-xs-true",
            "item": "MuiGrid-item",
            "justify-xs-center": "MuiGrid-justify-xs-center",
            "justify-xs-flex-end": "MuiGrid-justify-xs-flex-end",
            "justify-xs-space-around": "MuiGrid-justify-xs-space-around",
            "justify-xs-space-between": "MuiGrid-justify-xs-space-between",
            "justify-xs-space-evenly": "MuiGrid-justify-xs-space-evenly",
            "root": "MuiGrid-root",
            "spacing-xs-1": "MuiGrid-spacing-xs-1",
            "spacing-xs-10": "MuiGrid-spacing-xs-10",
            "spacing-xs-2": "MuiGrid-spacing-xs-2",
            "spacing-xs-3": "MuiGrid-spacing-xs-3",
            "spacing-xs-4": "MuiGrid-spacing-xs-4",
            "spacing-xs-5": "MuiGrid-spacing-xs-5",
            "spacing-xs-6": "MuiGrid-spacing-xs-6",
            "spacing-xs-7": "MuiGrid-spacing-xs-7",
            "spacing-xs-8": "MuiGrid-spacing-xs-8",
            "spacing-xs-9": "MuiGrid-spacing-xs-9",
            "wrap-xs-nowrap": "MuiGrid-wrap-xs-nowrap",
            "wrap-xs-wrap-reverse": "MuiGrid-wrap-xs-wrap-reverse",
            "zeroMinWidth": "MuiGrid-zeroMinWidth",
          }
        }
        container={true}
      >
        <div
          className="MuiGrid-root makeStyles-container-1 MuiGrid-container"
        >
          <WithStyles(ForwardRef(Grid))
            item={true}
            sm={4}
            xs={12}
          >
            <ForwardRef(Grid)
              classes={
                Object {
                  "align-content-xs-center": "MuiGrid-align-content-xs-center",
                  "align-content-xs-flex-end": "MuiGrid-align-content-xs-flex-end",
                  "align-content-xs-flex-start": "MuiGrid-align-content-xs-flex-start",
                  "align-content-xs-space-around": "MuiGrid-align-content-xs-space-around",
                  "align-content-xs-space-between": "MuiGrid-align-content-xs-space-between",
                  "align-items-xs-baseline": "MuiGrid-align-items-xs-baseline",
                  "align-items-xs-center": "MuiGrid-align-items-xs-center",
                  "align-items-xs-flex-end": "MuiGrid-align-items-xs-flex-end",
                  "align-items-xs-flex-start": "MuiGrid-align-items-xs-flex-start",
                  "container": "MuiGrid-container",
                  "direction-xs-column": "MuiGrid-direction-xs-column",
                  "direction-xs-column-reverse": "MuiGrid-direction-xs-column-reverse",
                  "direction-xs-row-reverse": "MuiGrid-direction-xs-row-reverse",
                  "grid-lg-1": "MuiGrid-grid-lg-1",
                  "grid-lg-10": "MuiGrid-grid-lg-10",
                  "grid-lg-11": "MuiGrid-grid-lg-11",
                  "grid-lg-12": "MuiGrid-grid-lg-12",
                  "grid-lg-2": "MuiGrid-grid-lg-2",
                  "grid-lg-3": "MuiGrid-grid-lg-3",
                  "grid-lg-4": "MuiGrid-grid-lg-4",
                  "grid-lg-5": "MuiGrid-grid-lg-5",
                  "grid-lg-6": "MuiGrid-grid-lg-6",
                  "grid-lg-7": "MuiGrid-grid-lg-7",
                  "grid-lg-8": "MuiGrid-grid-lg-8",
                  "grid-lg-9": "MuiGrid-grid-lg-9",
                  "grid-lg-auto": "MuiGrid-grid-lg-auto",
                  "grid-lg-true": "MuiGrid-grid-lg-true",
                  "grid-md-1": "MuiGrid-grid-md-1",
                  "grid-md-10": "MuiGrid-grid-md-10",
                  "grid-md-11": "MuiGrid-grid-md-11",
                  "grid-md-12": "MuiGrid-grid-md-12",
                  "grid-md-2": "MuiGrid-grid-md-2",
                  "grid-md-3": "MuiGrid-grid-md-3",
                  "grid-md-4": "MuiGrid-grid-md-4",
                  "grid-md-5": "MuiGrid-grid-md-5",
                  "grid-md-6": "MuiGrid-grid-md-6",
                  "grid-md-7": "MuiGrid-grid-md-7",
                  "grid-md-8": "MuiGrid-grid-md-8",
                  "grid-md-9": "MuiGrid-grid-md-9",
                  "grid-md-auto": "MuiGrid-grid-md-auto",
                  "grid-md-true": "MuiGrid-grid-md-true",
                  "grid-sm-1": "MuiGrid-grid-sm-1",
                  "grid-sm-10": "MuiGrid-grid-sm-10",
                  "grid-sm-11": "MuiGrid-grid-sm-11",
                  "grid-sm-12": "MuiGrid-grid-sm-12",
                  "grid-sm-2": "MuiGrid-grid-sm-2",
                  "grid-sm-3": "MuiGrid-grid-sm-3",
                  "grid-sm-4": "MuiGrid-grid-sm-4",
                  "grid-sm-5": "MuiGrid-grid-sm-5",
                  "grid-sm-6": "MuiGrid-grid-sm-6",
                  "grid-sm-7": "MuiGrid-grid-sm-7",
                  "grid-sm-8": "MuiGrid-grid-sm-8",
                  "grid-sm-9": "MuiGrid-grid-sm-9",
                  "grid-sm-auto": "MuiGrid-grid-sm-auto",
                  "grid-sm-true": "MuiGrid-grid-sm-true",
                  "grid-xl-1": "MuiGrid-grid-xl-1",
                  "grid-xl-10": "MuiGrid-grid-xl-10",
                  "grid-xl-11": "MuiGrid-grid-xl-11",
                  "grid-xl-12": "MuiGrid-grid-xl-12",
                  "grid-xl-2": "MuiGrid-grid-xl-2",
                  "grid-xl-3": "MuiGrid-grid-xl-3",
                  "grid-xl-4": "MuiGrid-grid-xl-4",
                  "grid-xl-5": "MuiGrid-grid-xl-5",
                  "grid-xl-6": "MuiGrid-grid-xl-6",
                  "grid-xl-7": "MuiGrid-grid-xl-7",
                  "grid-xl-8": "MuiGrid-grid-xl-8",
                  "grid-xl-9": "MuiGrid-grid-xl-9",
                  "grid-xl-auto": "MuiGrid-grid-xl-auto",
                  "grid-xl-true": "MuiGrid-grid-xl-true",
                  "grid-xs-1": "MuiGrid-grid-xs-1",
                  "grid-xs-10": "MuiGrid-grid-xs-10",
                  "grid-xs-11": "MuiGrid-grid-xs-11",
                  "grid-xs-12": "MuiGrid-grid-xs-12",
                  "grid-xs-2": "MuiGrid-grid-xs-2",
                  "grid-xs-3": "MuiGrid-grid-xs-3",
                  "grid-xs-4": "MuiGrid-grid-xs-4",
                  "grid-xs-5": "MuiGrid-grid-xs-5",
                  "grid-xs-6": "MuiGrid-grid-xs-6",
                  "grid-xs-7": "MuiGrid-grid-xs-7",
                  "grid-xs-8": "MuiGrid-grid-xs-8",
                  "grid-xs-9": "MuiGrid-grid-xs-9",
                  "grid-xs-auto": "MuiGrid-grid-xs-auto",
                  "grid-xs-true": "MuiGrid-grid-xs-true",
                  "item": "MuiGrid-item",
                  "justify-xs-center": "MuiGrid-justify-xs-center",
                  "justify-xs-flex-end": "MuiGrid-justify-xs-flex-end",
                  "justify-xs-space-around": "MuiGrid-justify-xs-space-around",
                  "justify-xs-space-between": "MuiGrid-justify-xs-space-between",
                  "justify-xs-space-evenly": "MuiGrid-justify-xs-space-evenly",
                  "root": "MuiGrid-root",
                  "spacing-xs-1": "MuiGrid-spacing-xs-1",
                  "spacing-xs-10": "MuiGrid-spacing-xs-10",
                  "spacing-xs-2": "MuiGrid-spacing-xs-2",
                  "spacing-xs-3": "MuiGrid-spacing-xs-3",
                  "spacing-xs-4": "MuiGrid-spacing-xs-4",
                  "spacing-xs-5": "MuiGrid-spacing-xs-5",
                  "spacing-xs-6": "MuiGrid-spacing-xs-6",
                  "spacing-xs-7": "MuiGrid-spacing-xs-7",
                  "spacing-xs-8": "MuiGrid-spacing-xs-8",
                  "spacing-xs-9": "MuiGrid-spacing-xs-9",
                  "wrap-xs-nowrap": "MuiGrid-wrap-xs-nowrap",
                  "wrap-xs-wrap-reverse": "MuiGrid-wrap-xs-wrap-reverse",
                  "zeroMinWidth": "MuiGrid-zeroMinWidth",
                }
              }
              item={true}
              sm={4}
              xs={12}
            >
              <div
                className="MuiGrid-root MuiGrid-item MuiGrid-grid-xs-12 MuiGrid-grid-sm-4"
              >
                <Styled(MuiBox)
                  className="makeStyles-imageContainer-2"
                >
                  <div
                    className="MuiBox-root MuiBox-root-12 makeStyles-imageContainer-2"
                  >
                    <img
                      alt="request image"
                      onError={[Function]}
                      src="image2.png"
                      width="100%"
                    />
                  </div>
                </Styled(MuiBox)>
              </div>
            </ForwardRef(Grid)>
          </WithStyles(ForwardRef(Grid))>
          <WithStyles(ForwardRef(Grid))
            className="makeStyles-requestDetails-3"
            item={true}
            sm={8}
            xs={12}
          >
            <ForwardRef(Grid)
              className="makeStyles-requestDetails-3"
              classes={
                Object {
                  "align-content-xs-center": "MuiGrid-align-content-xs-center",
                  "align-content-xs-flex-end": "MuiGrid-align-content-xs-flex-end",
                  "align-content-xs-flex-start": "MuiGrid-align-content-xs-flex-start",
                  "align-content-xs-space-around": "MuiGrid-align-content-xs-space-around",
                  "align-content-xs-space-between": "MuiGrid-align-content-xs-space-between",
                  "align-items-xs-baseline": "MuiGrid-align-items-xs-baseline",
                  "align-items-xs-center": "MuiGrid-align-items-xs-center",
                  "align-items-xs-flex-end": "MuiGrid-align-items-xs-flex-end",
                  "align-items-xs-flex-start": "MuiGrid-align-items-xs-flex-start",
                  "container": "MuiGrid-container",
                  "direction-xs-column": "MuiGrid-direction-xs-column",
                  "direction-xs-column-reverse": "MuiGrid-direction-xs-column-reverse",
                  "direction-xs-row-reverse": "MuiGrid-direction-xs-row-reverse",
                  "grid-lg-1": "MuiGrid-grid-lg-1",
                  "grid-lg-10": "MuiGrid-grid-lg-10",
                  "grid-lg-11": "MuiGrid-grid-lg-11",
                  "grid-lg-12": "MuiGrid-grid-lg-12",
                  "grid-lg-2": "MuiGrid-grid-lg-2",
                  "grid-lg-3": "MuiGrid-grid-lg-3",
                  "grid-lg-4": "MuiGrid-grid-lg-4",
                  "grid-lg-5": "MuiGrid-grid-lg-5",
                  "grid-lg-6": "MuiGrid-grid-lg-6",
                  "grid-lg-7": "MuiGrid-grid-lg-7",
                  "grid-lg-8": "MuiGrid-grid-lg-8",
                  "grid-lg-9": "MuiGrid-grid-lg-9",
                  "grid-lg-auto": "MuiGrid-grid-lg-auto",
                  "grid-lg-true": "MuiGrid-grid-lg-true",
                  "grid-md-1": "MuiGrid-grid-md-1",
                  "grid-md-10": "MuiGrid-grid-md-10",
                  "grid-md-11": "MuiGrid-grid-md-11",
                  "grid-md-12": "MuiGrid-grid-md-12",
                  "grid-md-2": "MuiGrid-grid-md-2",
                  "grid-md-3": "MuiGrid-grid-md-3",
                  "grid-md-4": "MuiGrid-grid-md-4",
                  "grid-md-5": "MuiGrid-grid-md-5",
                  "grid-md-6": "MuiGrid-grid-md-6",
                  "grid-md-7": "MuiGrid-grid-md-7",
                  "grid-md-8": "MuiGrid-grid-md-8",
                  "grid-md-9": "MuiGrid-grid-md-9",
                  "grid-md-auto": "MuiGrid-grid-md-auto",
                  "grid-md-true": "MuiGrid-grid-md-true",
                  "grid-sm-1": "MuiGrid-grid-sm-1",
                  "grid-sm-10": "MuiGrid-grid-sm-10",
                  "grid-sm-11": "MuiGrid-grid-sm-11",
                  "grid-sm-12": "MuiGrid-grid-sm-12",
                  "grid-sm-2": "MuiGrid-grid-sm-2",
                  "grid-sm-3": "MuiGrid-grid-sm-3",
                  "grid-sm-4": "MuiGrid-grid-sm-4",
                  "grid-sm-5": "MuiGrid-grid-sm-5",
                  "grid-sm-6": "MuiGrid-grid-sm-6",
                  "grid-sm-7": "MuiGrid-grid-sm-7",
                  "grid-sm-8": "MuiGrid-grid-sm-8",
                  "grid-sm-9": "MuiGrid-grid-sm-9",
                  "grid-sm-auto": "MuiGrid-grid-sm-auto",
                  "grid-sm-true": "MuiGrid-grid-sm-true",
                  "grid-xl-1": "MuiGrid-grid-xl-1",
                  "grid-xl-10": "MuiGrid-grid-xl-10",
                  "grid-xl-11": "MuiGrid-grid-xl-11",
                  "grid-xl-12": "MuiGrid-grid-xl-12",
                  "grid-xl-2": "MuiGrid-grid-xl-2",
                  "grid-xl-3": "MuiGrid-grid-xl-3",
                  "grid-xl-4": "MuiGrid-grid-xl-4",
                  "grid-xl-5": "MuiGrid-grid-xl-5",
                  "grid-xl-6": "MuiGrid-grid-xl-6",
                  "grid-xl-7": "MuiGrid-grid-xl-7",
                  "grid-xl-8": "MuiGrid-grid-xl-8",
                  "grid-xl-9": "MuiGrid-grid-xl-9",
                  "grid-xl-auto": "MuiGrid-grid-xl-auto",
                  "grid-xl-true": "MuiGrid-grid-xl-true",
                  "grid-xs-1": "MuiGrid-grid-xs-1",
                  "grid-xs-10": "MuiGrid-grid-xs-10",
                  "grid-xs-11": "MuiGrid-grid-xs-11",
                  "grid-xs-12": "MuiGrid-grid-xs-12",
                  "grid-xs-2": "MuiGrid-grid-xs-2",
                  "grid-xs-3": "MuiGrid-grid-xs-3",
                  "grid-xs-4": "MuiGrid-grid-xs-4",
                  "grid-xs-5": "MuiGrid-grid-xs-5",
                  "grid-xs-6": "MuiGrid-grid-xs-6",
                  "grid-xs-7": "MuiGrid-grid-xs-7",
                  "grid-xs-8": "MuiGrid-grid-xs-8",
                  "grid-xs-9": "MuiGrid-grid-xs-9",
                  "grid-xs-auto": "MuiGrid-grid-xs-auto",
                  "grid-xs-true": "MuiGrid-grid-xs-true",
                  "item": "MuiGrid-item",
                  "justify-xs-center": "MuiGrid-justify-xs-center",
                  "justify-xs-flex-end": "MuiGrid-justify-xs-flex-end",
                  "justify-xs-space-around": "MuiGrid-justify-xs-space-around",
                  "justify-xs-space-between": "MuiGrid-justify-xs-space-between",
                  "justify-xs-space-evenly": "MuiGrid-justify-xs-space-evenly",
                  "root": "MuiGrid-root",
                  "spacing-xs-1": "MuiGrid-spacing-xs-1",
                  "spacing-xs-10": "MuiGrid-spacing-xs-10",
                  "spacing-xs-2": "MuiGrid-spacing-xs-2",
                  "spacing-xs-3": "MuiGrid-spacing-xs-3",
                  "spacing-xs-4": "MuiGrid-spacing-xs-4",
                  "spacing-xs-5": "MuiGrid-spacing-xs-5",
                  "spacing-xs-6": "MuiGrid-spacing-xs-6",
                  "spacing-xs-7": "MuiGrid-spacing-xs-7",
                  "spacing-xs-8": "MuiGrid-spacing-xs-8",
                  "spacing-xs-9": "MuiGrid-spacing-xs-9",
                  "wrap-xs-nowrap": "MuiGrid-wrap-xs-nowrap",
                  "wrap-xs-wrap-reverse": "MuiGrid-wrap-xs-wrap-reverse",
                  "zeroMinWidth": "MuiGrid-zeroMinWidth",
                }
              }
              item={true}
              sm={8}
              xs={12}
            >
              <div
                className="MuiGrid-root makeStyles-requestDetails-3 MuiGrid-item MuiGrid-grid-xs-12 MuiGrid-grid-sm-8"
              >
                <Styled(MuiBox)>
                  <div
                    className="MuiBox-root MuiBox-root-13"
                  >
                    <Styled(MuiBox)
                      className="makeStyles-requesterInfo-4"
                    >
                      <div
                        className="MuiBox-root MuiBox-root-14 makeStyles-requesterInfo-4"
                      >
                        <ForwardRef(AccountCircleIcon)>
                          <WithStyles(ForwardRef(SvgIcon))>
                            <ForwardRef(SvgIcon)
                              classes={
                                Object {
                                  "colorAction": "MuiSvgIcon-colorAction",
                                  "colorDisabled": "MuiSvgIcon-colorDisabled",
                                  "colorError": "MuiSvgIcon-colorError",
                                  "colorPrimary": "MuiSvgIcon-colorPrimary",
                                  "colorSecondary": "MuiSvgIcon-colorSecondary",
                                  "fontSizeInherit": "MuiSvgIcon-fontSizeInherit",
                                  "fontSizeLarge": "MuiSvgIcon-fontSizeLarge",
                                  "fontSizeSmall": "MuiSvgIcon-fontSizeSmall",
                                  "root": "MuiSvgIcon-root",
                                }
                              }
                            >
                              <svg
                                aria-hidden={true}
                                className="MuiSvgIcon-root"
                                focusable="false"
                                viewBox="0 0 24 24"
                              >
                                <path
                                  d="M12 2C6.48 2 2 6.48 2 12s4.48 10 10 10 10-4.48 10-10S17.52 2 12 2zm0 3c1.66 0 3 1.34 3 3s-1.34 3-3 3-3-1.34-3-3 1.34-3 3-3zm0 14.2c-2.5 0-4.71-1.28-6-3.22.03-1.99 4-3.08 6-3.08 1.99 0 5.97 1.09 6 3.08-1.29 1.94-3.5 3.22-6 3.22z"
                                />
                              </svg>
                            </ForwardRef(SvgIcon)>
                          </WithStyles(ForwardRef(SvgIcon))>
                        </ForwardRef(AccountCircleIcon)>
                        <WithStyles(ForwardRef(Typography))
                          className="makeStyles-username-5"
                          component="h6"
                          variant="h6"
                        >
                          <ForwardRef(Typography)
                            className="makeStyles-username-5"
                            classes={
                              Object {
                                "alignCenter": "MuiTypography-alignCenter",
                                "alignJustify": "MuiTypography-alignJustify",
                                "alignLeft": "MuiTypography-alignLeft",
                                "alignRight": "MuiTypography-alignRight",
                                "body1": "MuiTypography-body1",
                                "body2": "MuiTypography-body2",
                                "button": "MuiTypography-button",
                                "caption": "MuiTypography-caption",
                                "colorError": "MuiTypography-colorError",
                                "colorInherit": "MuiTypography-colorInherit",
                                "colorPrimary": "MuiTypography-colorPrimary",
                                "colorSecondary": "MuiTypography-colorSecondary",
                                "colorTextPrimary": "MuiTypography-colorTextPrimary",
                                "colorTextSecondary": "MuiTypography-colorTextSecondary",
                                "displayBlock": "MuiTypography-displayBlock",
                                "displayInline": "MuiTypography-displayInline",
                                "gutterBottom": "MuiTypography-gutterBottom",
                                "h1": "MuiTypography-h1",
                                "h2": "MuiTypography-h2",
                                "h3": "MuiTypography-h3",
                                "h4": "MuiTypography-h4",
                                "h5": "MuiTypography-h5",
                                "h6": "MuiTypography-h6",
                                "noWrap": "MuiTypography-noWrap",
                                "overline": "MuiTypography-overline",
                                "paragraph": "MuiTypography-paragraph",
                                "root": "MuiTypography-root",
                                "srOnly": "MuiTypography-srOnly",
                                "subtitle1": "MuiTypography-subtitle1",
                                "subtitle2": "MuiTypography-subtitle2",
                              }
                            }
                            component="h6"
                            variant="h6"
                          >
                            <h6
                              className="MuiTypography-root makeStyles-username-5 MuiTypography-h6"
                            >
                               
                              pushrequester
                               
                            </h6>
                          </ForwardRef(Typography)>
                        </WithStyles(ForwardRef(Typography))>
                      </div>
                    </Styled(MuiBox)>
                    <Styled(MuiBox)
                      className="makeStyles-reasonArea-6"
                    >
                      <div
                        className="MuiBox-root MuiBox-root-15 makeStyles-reasonArea-6"
                      >
                        <WithStyles(ForwardRef(Typography))
                          component="h6"
                          variant="subtitle2"
                        >
                          <ForwardRef(Typography)
                            classes={
                              Object {
                                "alignCenter": "MuiTypography-alignCenter",
                                "alignJustify": "MuiTypography-alignJustify",
                                "alignLeft": "MuiTypography-alignLeft",
                                "alignRight": "MuiTypography-alignRight",
                                "body1": "MuiTypography-body1",
                                "body2": "MuiTypography-body2",
                                "button": "MuiTypography-button",
                                "caption": "MuiTypography-caption",
                                "colorError": "MuiTypography-colorError",
                                "colorInherit": "MuiTypography-colorInherit",
                                "colorPrimary": "MuiTypography-colorPrimary",
                                "colorSecondary": "MuiTypography-colorSecondary",
                                "colorTextPrimary": "MuiTypography-colorTextPrimary",
                                "colorTextSecondary": "MuiTypography-colorTextSecondary",
                                "displayBlock": "MuiTypography-displayBlock",
                                "displayInline": "MuiTypography-displayInline",
                                "gutterBottom": "MuiTypography-gutterBottom",
                                "h1": "MuiTypography-h1",
                                "h2": "MuiTypography-h2",
                                "h3": "MuiTypography-h3",
                                "h4": "MuiTypography-h4",
                                "h5": "MuiTypography-h5",
                                "h6": "MuiTypography-h6",
                                "noWrap": "MuiTypography-noWrap",
                                "overline": "MuiTypography-overline",
                                "paragraph": "MuiTypography-paragraph",
                                "root": "MuiTypography-root",
                                "srOnly": "MuiTypography-srOnly",
                                "subtitle1": "MuiTypography-subtitle1",
                                "subtitle2": "MuiTypography-subtitle2",
                              }
                            }
                            component="h6"
                            variant="subtitle2"
                          >
                            <h6
                              className="MuiTypography-root MuiTypography-subtitle2"
                            >
                               
                              Reason of travel
                               
                            </h6>
                          </ForwardRef(Typography)>
                        </WithStyles(ForwardRef(Typography))>
                        <WithStyles(ForwardRef(Typography))
                          component="h6"
                          variant="caption"
                        >
                          <ForwardRef(Typography)
                            classes={
                              Object {
                                "alignCenter": "MuiTypography-alignCenter",
                                "alignJustify": "MuiTypography-alignJustify",
                                "alignLeft": "MuiTypography-alignLeft",
                                "alignRight": "MuiTypography-alignRight",
                                "body1": "MuiTypography-body1",
                                "body2": "MuiTypography-body2",
                                "button": "MuiTypography-button",
                                "caption": "MuiTypography-caption",
                                "colorError": "MuiTypography-colorError",
                                "colorInherit": "MuiTypography-colorInherit",
                                "colorPrimary": "MuiTypography-colorPrimary",
                                "colorSecondary": "MuiTypography-colorSecondary",
                                "colorTextPrimary": "MuiTypography-colorTextPrimary",
                                "colorTextSecondary": "MuiTypography-colorTextSecondary",
                                "displayBlock": "MuiTypography-displayBlock",
                                "displayInline": "MuiTypography-displayInline",
                                "gutterBottom": "MuiTypography-gutterBottom",
                                "h1": "MuiTypography-h1",
                                "h2": "MuiTypography-h2",
                                "h3": "MuiTypography-h3",
                                "h4": "MuiTypography-h4",
                                "h5": "MuiTypography-h5",
                                "h6": "MuiTypography-h6",
                                "noWrap": "MuiTypography-noWrap",
                                "overline": "MuiTypography-overline",
                                "paragraph": "MuiTypography-paragraph",
                                "root": "MuiTypography-root",
                                "srOnly": "MuiTypography-srOnly",
                                "subtitle1": "MuiTypography-subtitle1",
                                "subtitle2": "MuiTypography-subtitle2",
                              }
                            }
                            component="h6"
                            variant="caption"
                          >
                            <h6
                              className="MuiTypography-root MuiTypography-caption"
                            >
                              Research and market development trip in rular areas
                            </h6>
                          </ForwardRef(Typography)>
                        </WithStyles(ForwardRef(Typography))>
                      </div>
                    </Styled(MuiBox)>
                    <Styled(MuiBox)>
                      <div
                        className="MuiBox-root MuiBox-root-16"
                      >
                        <WithStyles(ForwardRef(Typography))
                          component="h6"
                          style={
                            Object {
                              "color": "#54AD7D",
                              "position": "absolute",
                              "right": "10px",
                              "top": "10px",
                            }
                          }
                          variant="caption"
                        >
                          <ForwardRef(Typography)
                            classes={
                              Object {
                                "alignCenter": "MuiTypography-alignCenter",
                                "alignJustify": "MuiTypography-alignJustify",
                                "alignLeft": "MuiTypography-alignLeft",
                                "alignRight": "MuiTypography-alignRight",
                                "body1": "MuiTypography-body1",
                                "body2": "MuiTypography-body2",
                                "button": "MuiTypography-button",
                                "caption": "MuiTypography-caption",
                                "colorError": "MuiTypography-colorError",
                                "colorInherit": "MuiTypography-colorInherit",
                                "colorPrimary": "MuiTypography-colorPrimary",
                                "colorSecondary": "MuiTypography-colorSecondary",
                                "colorTextPrimary": "MuiTypography-colorTextPrimary",
                                "colorTextSecondary": "MuiTypography-colorTextSecondary",
                                "displayBlock": "MuiTypography-displayBlock",
                                "displayInline": "MuiTypography-displayInline",
                                "gutterBottom": "MuiTypography-gutterBottom",
                                "h1": "MuiTypography-h1",
                                "h2": "MuiTypography-h2",
                                "h3": "MuiTypography-h3",
                                "h4": "MuiTypography-h4",
                                "h5": "MuiTypography-h5",
                                "h6": "MuiTypography-h6",
                                "noWrap": "MuiTypography-noWrap",
                                "overline": "MuiTypography-overline",
                                "paragraph": "MuiTypography-paragraph",
                                "root": "MuiTypography-root",
                                "srOnly": "MuiTypography-srOnly",
                                "subtitle1": "MuiTypography-subtitle1",
                                "subtitle2": "MuiTypography-subtitle2",
                              }
                            }
                            component="h6"
                            style={
                              Object {
                                "color": "#54AD7D",
                                "position": "absolute",
                                "right": "10px",
                                "top": "10px",
                              }
                            }
                            variant="caption"
                          >
                            <h6
                              className="MuiTypography-root MuiTypography-caption"
                              style={
                                Object {
                                  "color": "#54AD7D",
                                  "position": "absolute",
                                  "right": "10px",
                                  "top": "10px",
                                }
                              }
                            >
                              <n
                                ago={false}
                                calendar={false}
                                decimal={false}
                                element={null}
                                filter={[Function]}
                                format="YYYY/MM/DD"
                                fromNow={false}
                                interval={60000}
                                local={false}
                                onChange={[Function]}
                                titleFormat=""
                                toNow={false}
                                trim={false}
                                unit={null}
                                unix={false}
                                utc={false}
                                withTitle={false}
                              >
                                <time
                                  dateTime={"2021-03-02T11:18:36.501Z"}
                                >
                                  2021/03/02
                                </time>
                              </n>
                            </h6>
                          </ForwardRef(Typography)>
                        </WithStyles(ForwardRef(Typography))>
                      </div>
                    </Styled(MuiBox)>
                  </div>
                </Styled(MuiBox)>
                <Styled(MuiBox)
                  className="makeStyles-actions-7"
                >
                  <div
                    className="MuiBox-root MuiBox-root-17 makeStyles-actions-7"
                  >
                    <Styled(MuiBox)>
                      <div
                        className="MuiBox-root MuiBox-root-18"
                      >
                        <WithStyles(ForwardRef(Button))
                          color="primary"
                          onClick={[Function]}
                        >
                          <ForwardRef(Button)
                            classes={
                              Object {
                                "colorInherit": "MuiButton-colorInherit",
                                "contained": "MuiButton-contained",
                                "containedPrimary": "MuiButton-containedPrimary",
                                "containedSecondary": "MuiButton-containedSecondary",
                                "containedSizeLarge": "MuiButton-containedSizeLarge",
                                "containedSizeSmall": "MuiButton-containedSizeSmall",
                                "disableElevation": "MuiButton-disableElevation",
                                "disabled": "Mui-disabled",
                                "endIcon": "MuiButton-endIcon",
                                "focusVisible": "Mui-focusVisible",
                                "fullWidth": "MuiButton-fullWidth",
                                "iconSizeLarge": "MuiButton-iconSizeLarge",
                                "iconSizeMedium": "MuiButton-iconSizeMedium",
                                "iconSizeSmall": "MuiButton-iconSizeSmall",
                                "label": "MuiButton-label",
                                "outlined": "MuiButton-outlined",
                                "outlinedPrimary": "MuiButton-outlinedPrimary",
                                "outlinedSecondary": "MuiButton-outlinedSecondary",
                                "outlinedSizeLarge": "MuiButton-outlinedSizeLarge",
                                "outlinedSizeSmall": "MuiButton-outlinedSizeSmall",
                                "root": "MuiButton-root",
                                "sizeLarge": "MuiButton-sizeLarge",
                                "sizeSmall": "MuiButton-sizeSmall",
                                "startIcon": "MuiButton-startIcon",
                                "text": "MuiButton-text",
                                "textPrimary": "MuiButton-textPrimary",
                                "textSecondary": "MuiButton-textSecondary",
                                "textSizeLarge": "MuiButton-textSizeLarge",
                                "textSizeSmall": "MuiButton-textSizeSmall",
                              }
                            }
                            color="primary"
                            onClick={[Function]}
                          >
                            <WithStyles(ForwardRef(ButtonBase))
                              className="MuiButton-root MuiButton-text MuiButton-textPrimary"
                              component="button"
                              disabled={false}
                              focusRipple={true}
                              focusVisibleClassName="Mui-focusVisible"
                              onClick={[Function]}
                              type="button"
                            >
                              <ForwardRef(ButtonBase)
                                className="MuiButton-root MuiButton-text MuiButton-textPrimary"
                                classes={
                                  Object {
                                    "disabled": "Mui-disabled",
                                    "focusVisible": "Mui-focusVisible",
                                    "root": "MuiButtonBase-root",
                                  }
                                }
                                component="button"
                                disabled={false}
                                focusRipple={true}
                                focusVisibleClassName="Mui-focusVisible"
                                onClick={[Function]}
                                type="button"
                              >
                                <button
                                  className="MuiButtonBase-root MuiButton-root MuiButton-text MuiButton-textPrimary"
                                  disabled={false}
                                  onBlur={[Function]}
                                  onClick={[Function]}
                                  onDragLeave={[Function]}
                                  onFocus={[Function]}
                                  onKeyDown={[Function]}
                                  onKeyUp={[Function]}
                                  onMouseDown={[Function]}
                                  onMouseLeave={[Function]}
                                  onMouseUp={[Function]}
                                  onTouchEnd={[Function]}
                                  onTouchMove={[Function]}
                                  onTouchStart={[Function]}
                                  tabIndex={0}
                                  type="button"
                                >
                                  <span
                                    className="MuiButton-label"
                                  >
                                    View more
                                  </span>
                                  <WithStyles(memo)
                                    center={false}
                                  >
                                    <ForwardRef(TouchRipple)
                                      center={false}
                                      classes={
                                        Object {
                                          "child": "MuiTouchRipple-child",
                                          "childLeaving": "MuiTouchRipple-childLeaving",
                                          "childPulsate": "MuiTouchRipple-childPulsate",
                                          "ripple": "MuiTouchRipple-ripple",
                                          "ripplePulsate": "MuiTouchRipple-ripplePulsate",
                                          "rippleVisible": "MuiTouchRipple-rippleVisible",
                                          "root": "MuiTouchRipple-root",
                                        }
                                      }
                                    >
                                      <span
                                        className="MuiTouchRipple-root"
                                      >
                                        <TransitionGroup
                                          childFactory={[Function]}
                                          component={null}
                                          exit={true}
                                        />
                                      </span>
                                    </ForwardRef(TouchRipple)>
                                  </WithStyles(memo)>
                                </button>
                              </ForwardRef(ButtonBase)>
                            </WithStyles(ForwardRef(ButtonBase))>
                          </ForwardRef(Button)>
                        </WithStyles(ForwardRef(Button))>
                      </div>
                    </Styled(MuiBox)>
                    <Styled(MuiBox)>
                      <div
                        className="MuiBox-root MuiBox-root-19"
                      >
                        <Styled(MuiBox)
                          className="makeStyles-approvedBadge-10"
                        >
                          <div
                            className="MuiBox-root MuiBox-root-20 makeStyles-approvedBadge-10"
                          >
                            <WithStyles(ForwardRef(Typography))
                              component="h6"
                              variant="subtitle1"
                            >
                              <ForwardRef(Typography)
                                classes={
                                  Object {
                                    "alignCenter": "MuiTypography-alignCenter",
                                    "alignJustify": "MuiTypography-alignJustify",
                                    "alignLeft": "MuiTypography-alignLeft",
                                    "alignRight": "MuiTypography-alignRight",
                                    "body1": "MuiTypography-body1",
                                    "body2": "MuiTypography-body2",
                                    "button": "MuiTypography-button",
                                    "caption": "MuiTypography-caption",
                                    "colorError": "MuiTypography-colorError",
                                    "colorInherit": "MuiTypography-colorInherit",
                                    "colorPrimary": "MuiTypography-colorPrimary",
                                    "colorSecondary": "MuiTypography-colorSecondary",
                                    "colorTextPrimary": "MuiTypography-colorTextPrimary",
                                    "colorTextSecondary": "MuiTypography-colorTextSecondary",
                                    "displayBlock": "MuiTypography-displayBlock",
                                    "displayInline": "MuiTypography-displayInline",
                                    "gutterBottom": "MuiTypography-gutterBottom",
                                    "h1": "MuiTypography-h1",
                                    "h2": "MuiTypography-h2",
                                    "h3": "MuiTypography-h3",
                                    "h4": "MuiTypography-h4",
                                    "h5": "MuiTypography-h5",
                                    "h6": "MuiTypography-h6",
                                    "noWrap": "MuiTypography-noWrap",
                                    "overline": "MuiTypography-overline",
                                    "paragraph": "MuiTypography-paragraph",
                                    "root": "MuiTypography-root",
                                    "srOnly": "MuiTypography-srOnly",
                                    "subtitle1": "MuiTypography-subtitle1",
                                    "subtitle2": "MuiTypography-subtitle2",
                                  }
                                }
                                component="h6"
                                variant="subtitle1"
                              >
                                <h6
                                  className="MuiTypography-root MuiTypography-subtitle1"
                                >
                                  Approved
                                </h6>
                              </ForwardRef(Typography)>
                            </WithStyles(ForwardRef(Typography))>
                          </div>
                        </Styled(MuiBox)>
                      </div>
                    </Styled(MuiBox)>
                  </div>
                </Styled(MuiBox)>
              </div>
            </ForwardRef(Grid)>
          </WithStyles(ForwardRef(Grid))>
        </div>
      </ForwardRef(Grid)>
    </WithStyles(ForwardRef(Grid))>
  </TravelRequestCard>
</Provider>
`;
